// Jest Snapshot v1, https://goo.gl/fbAQLP

exports[`Probando el SearchBar Aprobar la funcion SetCategory 1`] = `
<form
  onSubmit={[Function]}
>
  <input
    onChange={[Function]}
    placeholder="Busca algo"
    type="text"
    value=""
  />
</form>
`;
